// Jest Snapshot v1, https://goo.gl/fbAQLP

exports[`About Us component renders with sections and image 1`] = `
<DocumentFragment>
  <div
    class="bg-mobileWave sm:bg-wave bg-no-repeat pb-2 bg-span"
  >
    <div
      class="flex flex-wrap h-[22rem]"
    >
      <div
        class="mx-auto pt-[3rem] md:pt-[2rem]"
      >
        <h1
          class="text-titansDarkBlue font-bold text-center sm:mt-[1rem] text-3xl sm:text-5xl lg:text-6xl mt-8 pb-4"
          data-testid="header-title"
        >
          About Us
        </h1>
        <div
          class="font-medium text-homepageHeaderSubTitle text-sm md:text-base lg:text-xl text-center w-2/3 lg:w-[45rem] mx-auto"
        >
          Here's a bit about this app, who we are and why we've done it.
        </div>
      </div>
    </div>
  </div>
  <div
    class="font-semibold text-titansDarkGrey text-sm md:text-base lg:text-xl"
  >
    <div
      class="grid grid-cols-1 md:grid-cols-2 py-6 md:py-14"
      id="section1"
    >
      <div
        class="mx-8 md:mx-16 lg:mx-24 flex flex-col gap-4"
        id="textArea1"
      >
        <h2
          class="font-semibold text-titansDarkBlue text-xl md:text-2xl lg:text-4xl py-5"
        >
          section 1 header
        </h2>
        <p>
          section 1 body
        </p>
        <p>
          section 1 body 2
        </p>
      </div>
      <div
        class="mx-8 md:mx-16 lg:mx-24 flex flex-col gap-4"
        id="imgArea1"
      >
        <img
          alt="speechmark"
          class="max-w-[62px] lg:max-w-[75px] py-5"
          src="fruit.jpg"
        />
        <p
          class="font-semibold text-xl lg:text-2xl text-titansDarkBlue"
        >
          section 1 body 3
        </p>
        <p
          class="text-base lg:text-xl font-medium"
        >
          section 1 body 4
        </p>
      </div>
    </div>
    <div
      class="grid grid-cols-1 md:grid-cols-2 py-6 md:py-14 bg-white"
      id="section2"
    >
      <div
        class="flex justify-center items-center my-6 md:my-0 order-last md:order-first"
        id="imgArea2"
      >
        <img
          alt="Titans Community Foundation Logo"
          class="h-[265px] w-[228px] lg:h-[388px] lg:w-[331px]"
          src="TitansCommunityLogo.png"
        />
      </div>
      <div
        class="mx-8 md:mx-16 lg:mx-24 flex flex-col gap-4"
        id="textArea2"
      >
        <h2
          class="font-semibold text-titansDarkBlue text-xl md:text-2xl lg:text-4xl py-5"
        >
          section 2 header
        </h2>
        <p>
          section 2 body
        </p>
        <p>
          section 2 body 2
        </p>
      </div>
    </div>
    <div
      class="grid grid-cols-1 md:grid-cols-2 py-6 md:py-14"
      id="section3"
    >
      <div
        class="mx-8 md:mx-16 lg:mx-24 flex flex-col gap-4"
        id="textArea3"
      >
        <h2
          class="font-semibold text-titansDarkBlue text-xl md:text-2xl lg:text-4xl py-5"
        >
          section 3 header
        </h2>
        <p>
          section 3 body
        </p>
      </div>
      <div
        class="flex justify-center items-center my-6 md:my-0 hidden md:flex"
        id="imgArea3"
      >
        <img
          alt="green hearts"
          class="hidden md:flex md:h-[268px] md:w-[268px]"
          src="example.jpg"
        />
      </div>
    </div>
    <div
      class="grid grid-cols-1 md:grid-cols-2 py-6 md:py-14 bg-white"
      id="section4"
    >
      <div
        class="flex justify-center items-center my-6 md:my-0 hidden md:flex"
        id="imgArea4"
      >
        <img
          alt="1 in 4 people"
          class="lg:h-[315px] lg:w-[315px] md:h-[170px] md:w-[170px]"
          src="logo.png"
        />
      </div>
      <div
        class="mx-8 md:mx-16 lg:mx-24 flex flex-col gap-4"
        id="textArea4"
      >
        <h2
          class="font-semibold text-titansDarkBlue text-xl md:text-2xl lg:text-4xl py-5"
        >
          section 4 header
        </h2>
        <p>
          section 4 body
        </p>
      </div>
    </div>
    <div
      class="grid grid-cols-1 md:grid-cols-2 py-6 md:py-14"
      id="section5"
    >
      <div
        class="mx-8 md:mx-16 lg:mx-24 flex flex-col gap-4"
        id="textArea5"
      >
        <h2
          class="font-semibold text-titansDarkBlue text-xl md:text-2xl lg:text-4xl py-5"
        >
          section 4 header
        </h2>
        <p>
          section 4 body
        </p>
        <p>
          section 4 body 2
        </p>
      </div>
      <div
        class="flex justify-center items-center my-6 md:my-0 order-first md:order-last"
        id="imgArea5"
      >
        <img
          alt="Cookie's Khaw Logo"
          class="w-[270px] lg:w-[453px]"
          src="Logo.svg"
        />
      </div>
    </div>
  </div>
</DocumentFragment>
`;
