// Jest Snapshot v1, https://goo.gl/fbAQLP

exports[`Image Component renders image with correct alt and name 1`] = `
<DocumentFragment>
  <div
    class="px-[2.75rem] md:px-[5rem] pb-[0.5rem] md:pb-[1rem] min-w-[89px] min-h-[81px] 2xl:mt-5"
  >
    <img
      alt="testAlt"
      class="mx-auto undefined"
      draggable="false"
      src="testURI.svg"
    />
  </div>
</DocumentFragment>
`;
